###############################################################################
#
# IAR ELF Linker V9.32.1.338/W64 for ARM                  09/Feb/2023  18:31:38
# Copyright 2007-2022 IAR Systems AB.
#
#    Output file  =
#        C:\Users\RJ\Desktop\programming\osu467\unicornRTOS\Debug\Exe\project.out
#    Map file     =
#        C:\Users\RJ\Desktop\programming\osu467\unicornRTOS\Debug\List\project.map
#    Command line =
#        -f
#        C:\Users\RJ\Desktop\programming\osu467\unicornRTOS\Debug\Exe\project.out.rsp
#        (C:\Users\RJ\Desktop\programming\osu467\unicornRTOS\Debug\Obj\board_io.o
#        C:\Users\RJ\Desktop\programming\osu467\unicornRTOS\Debug\Obj\main.o
#        C:\Users\RJ\Desktop\programming\osu467\unicornRTOS\Debug\Obj\startup_vector_table.o
#        C:\Users\RJ\Desktop\programming\osu467\unicornRTOS\Debug\Obj\ek-tm4c123gxl\system_TM4C123GH6PM.o
#        C:\Users\RJ\Desktop\programming\osu467\unicornRTOS\Debug\Obj\ticks.o
#        C:\Users\RJ\Desktop\programming\osu467\unicornRTOS\Debug\Obj\unicorn.o
#        --no_out_extension -o
#        C:\Users\RJ\Desktop\programming\osu467\unicornRTOS\Debug\Exe\project.out
#        --redirect _Printf=_PrintfFullNoMb --redirect _Scanf=_ScanfFullNoMb
#        --map
#        C:\Users\RJ\Desktop\programming\osu467\unicornRTOS\Debug\List\project.map
#        --config "C:\Program Files\IAR Systems\Embedded Workbench
#        9.1\arm/config/linker/TexasInstruments/TM4C123GH6.icf" --semihosting
#        --entry __iar_program_start --vfe --text_out locale --cpu=Cortex-M4
#        --fpu=None)
#
###############################################################################

*******************************************************************************
*** RUNTIME MODEL ATTRIBUTES
***

CppFlavor       = *
__CPP_Runtime   = 1
__SystemLibrary = DLib
__dlib_version  = 6


*******************************************************************************
*** HEAP SELECTION
***

The basic heap was selected because --advanced_heap
was not specified and the application did not appear to
be primarily optimized for speed.


*******************************************************************************
*** PLACEMENT SUMMARY
***

"A0":  place at address 0x0 { ro section .intvec };
"P1":  place in [from 0x0 to 0x3'ffff] { ro };
define block CSTACK with size = 4K, alignment = 8 { };
define block HEAP with size = 8K, alignment = 8 { };
"P2":  place in [from 0x2000'0000 to 0x2000'7fff] {
          rw, block CSTACK, block HEAP };

  Section          Kind         Address    Size  Object
  -------          ----         -------    ----  ------
"A0":                                      0x40
  .intvec          const            0x0    0x40  startup_vector_table.o [1]
                                 - 0x40    0x40

"P1":                                     0x4b8
  .text            ro code         0x40   0x194  unicorn.o [1]
  .text            ro code        0x1d4   0x174  board_io.o [1]
  .text            ro code        0x348    0x50  startup_vector_table.o [1]
  .text            ro code        0x398    0x18  ticks.o [1]
  .rodata          const          0x3b0    0x40  unicorn.o [1]
  .text            ro code        0x3f0    0x38  zero_init3.o [4]
  .text            ro code        0x428    0x30  main.o [1]
  .text            ro code        0x458    0x28  data_init.o [4]
  .iar.init_table  const          0x480    0x10  - Linker created -
  .text            ro code        0x490    0x1e  cmain.o [4]
  .text            ro code        0x4ae     0x4  low_level_init.o [3]
  .text            ro code        0x4b2     0x4  exit.o [3]
  .text            ro code        0x4b8     0xa  cexit.o [4]
  .text            ro code        0x4c4    0x14  exit.o [5]
  .text            ro code        0x4d8    0x1c  cstartup_M.o [4]
  .rodata          const          0x4f4     0x4  board_io.o [1]
  .rodata          const          0x4f8     0x0  zero_init3.o [4]
                                - 0x4f8   0x4b8

"P2", part 1 of 2:                        0x980
  .bss             zero     0x2000'0000   0x96c  unicorn.o [1]
  .bss             zero     0x2000'096c     0x4  ticks.o [1]
  .bss             zero     0x2000'0970     0x4  unicorn.o [1]
  .bss             zero     0x2000'0974     0x4  unicorn.o [1]
  .bss             zero     0x2000'0978     0x4  unicorn.o [1]
  .bss             zero     0x2000'097c     0x1  unicorn.o [1]
  .bss             zero     0x2000'097d     0x1  unicorn.o [1]
                          - 0x2000'097e   0x97e

"P2", part 2 of 2:                       0x1000
  CSTACK                    0x2000'0980  0x1000  <Block>
    CSTACK         uninit   0x2000'0980  0x1000  <Block tail>
                          - 0x2000'1980  0x1000

Unused ranges:

         From           To      Size
         ----           --      ----
        0x4f8     0x3'ffff  0x3'fb08
  0x2000'1980  0x2000'7fff    0x6680


*******************************************************************************
*** INIT TABLE
***

          Address      Size
          -------      ----
Zero (__iar_zero_init3)
    1 destination range, total size 0x97e:
          0x2000'0000  0x97e



*******************************************************************************
*** MODULE SUMMARY
***

    Module                  ro code  ro data  rw data
    ------                  -------  -------  -------
command line/config:
    -------------------------------------------------
    Total:

C:\Users\RJ\Desktop\programming\osu467\unicornRTOS\Debug\Obj: [1]
    board_io.o                  372        4
    main.o                       48
    startup_vector_table.o       80       64
    ticks.o                      24                 4
    unicorn.o                   404       64    2'426
    -------------------------------------------------
    Total:                      928      132    2'430

C:\Users\RJ\Desktop\programming\osu467\unicornRTOS\Debug\Obj\ek-tm4c123gxl: [2]
    -------------------------------------------------
    Total:

dl7M_tln.a: [3]
    exit.o                        4
    low_level_init.o              4
    -------------------------------------------------
    Total:                        8

rt7M_tl.a: [4]
    cexit.o                      10
    cmain.o                      30
    cstartup_M.o                 28
    data_init.o                  40
    zero_init3.o                 56
    -------------------------------------------------
    Total:                      164

shb_l.a: [5]
    exit.o                       20
    -------------------------------------------------
    Total:                       20

    Gaps                          4
    Linker created                        16    4'096
-----------------------------------------------------
    Grand Total:              1'124      148    6'526


*******************************************************************************
*** ENTRY LIST
***

Entry                       Address   Size  Type      Object
-----                       -------   ----  ----      ------
.iar.init_table$$Base         0x480          --   Gb  - Linker created -
.iar.init_table$$Limit        0x490          --   Gb  - Linker created -
?main                         0x491         Code  Gb  cmain.o [4]
BLINKY_MAX                    0x4f4    0x4  Data  Gb  board_io.o [1]
CSTACK$$Base            0x2000'0980          --   Gb  - Linker created -
CSTACK$$Limit           0x2000'1980         Data  Gb  - Linker created -
Q_onAssert                    0x1cd    0x8  Code  Gb  unicorn.o [1]
Q_this_module_                0x3b0   0x40  Data  Lc  unicorn.o [1]
Region$$Table$$Base           0x480          --   Gb  - Linker created -
Region$$Table$$Limit          0x490          --   Gb  - Linker created -
__NVIC_SetPriority            0x1d5   0x24  Code  Lc  board_io.o [1]
__NVIC_SystemReset             0x41   0x1a  Code  Lc  unicorn.o [1]
__cmain                       0x491         Code  Gb  cmain.o [4]
__exit                        0x4c5   0x14  Code  Gb  exit.o [5]
__iar_data_init3              0x459   0x28  Code  Gb  data_init.o [4]
__iar_program_start           0x4d9         Code  Gb  cstartup_M.o [4]
__iar_zero_init3              0x3f1   0x38  Code  Gb  zero_init3.o [4]
__low_level_init              0x4af    0x4  Code  Gb  low_level_init.o [3]
__vector_table                  0x0   0x40  Data  Gb  startup_vector_table.o [1]
_call_main                    0x49d         Code  Gb  cmain.o [4]
_exit                         0x4b9         Code  Gb  cexit.o [4]
blinkBlue                     0x291   0x3c  Code  Gb  board_io.o [1]
blinkGreen                    0x2cd   0x3e  Code  Gb  board_io.o [1]
blinkRed                      0x253   0x3e  Code  Gb  board_io.o [1]
boardStartup                  0x1f9   0x5a  Code  Gb  board_io.o [1]
currTaskIdx             0x2000'097d    0x1  Data  Gb  unicorn.o [1]
currentTask             0x2000'0970    0x4  Data  Gb  unicorn.o [1]
exit                          0x4b3    0x4  Code  Gb  exit.o [3]
handler_BusFault              0x34f    0x2  Code  Gb  startup_vector_table.o [1]
handler_HardFault             0x34b    0x2  Code  Gb  startup_vector_table.o [1]
handler_MemoryManagementFault
                              0x34d    0x2  Code  Gb  startup_vector_table.o [1]
handler_NMI                   0x349    0x2  Code  Gb  startup_vector_table.o [1]
handler_PendSV                0x355   0x2a  Code  Gb  startup_vector_table.o [1]
handler_SVCall                0x353    0x2  Code  Gb  startup_vector_table.o [1]
handler_SysTick               0x389   0x10  Code  Gb  startup_vector_table.o [1]
handler_UsageFault            0x351    0x2  Code  Gb  startup_vector_table.o [1]
incrementTicks                0x3a1    0xa  Code  Gb  ticks.o [1]
initializeFirstFrame           0x5b   0x42  Code  Gb  unicorn.o [1]
initializeScheduler            0xb9   0x2a  Code  Gb  unicorn.o [1]
initializeTask                 0x9d   0x1a  Code  Gb  unicorn.o [1]
main                          0x429   0x30  Code  Gb  main.o [1]
nextTask                0x2000'0974    0x4  Data  Gb  unicorn.o [1]
numTasks                0x2000'097c    0x1  Data  Gb  unicorn.o [1]
onIdle                         0xb7    0x2  Code  Gb  unicorn.o [1]
readyNewTask                   0xe3   0x4e  Code  Gb  unicorn.o [1]
readyTasks              0x2000'0978    0x4  Data  Gb  unicorn.o [1]
resetTicks                    0x399    0x8  Code  Gb  ticks.o [1]
sched                         0x131   0x70  Code  Gb  unicorn.o [1]
taskTable               0x2000'0000  0x96c  Data  Gb  unicorn.o [1]
ticksElapsed            0x2000'096c    0x4  Data  Lc  ticks.o [1]


[1] = C:\Users\RJ\Desktop\programming\osu467\unicornRTOS\Debug\Obj
[2] = C:\Users\RJ\Desktop\programming\osu467\unicornRTOS\Debug\Obj\ek-tm4c123gxl
[3] = dl7M_tln.a
[4] = rt7M_tl.a
[5] = shb_l.a

  1'124 bytes of readonly  code memory
    148 bytes of readonly  data memory
  6'526 bytes of readwrite data memory

Errors: none
Warnings: none
