###############################################################################
#
# IAR ELF Linker V9.32.1.338/W64 for ARM                  05/Mar/2023  14:56:17
# Copyright 2007-2022 IAR Systems AB.
#
#    Output file  =  C:\Users\atoyn\Downloads\unicornRTOS\Debug\Exe\project.out
#    Map file     =
#        C:\Users\atoyn\Downloads\unicornRTOS\Debug\List\project.map
#    Command line =
#        -f C:\Users\atoyn\Downloads\unicornRTOS\Debug\Exe\project.out.rsp
#        (C:\Users\atoyn\Downloads\unicornRTOS\Debug\Obj\bsp.o
#        C:\Users\atoyn\Downloads\unicornRTOS\Debug\Obj\locks.o
#        C:\Users\atoyn\Downloads\unicornRTOS\Debug\Obj\main.o
#        C:\Users\atoyn\Downloads\unicornRTOS\Debug\Obj\startup_vector_table.o
#        C:\Users\atoyn\Downloads\unicornRTOS\Debug\Obj\unicorn.o
#        C:\Users\atoyn\Downloads\unicornRTOS\Debug\Obj\usertasks.o
#        --no_out_extension -o
#        C:\Users\atoyn\Downloads\unicornRTOS\Debug\Exe\project.out --redirect
#        _Printf=_PrintfFullNoMb --redirect _Scanf=_ScanfFullNoMb --map
#        C:\Users\atoyn\Downloads\unicornRTOS\Debug\List\project.map --config
#        "C:\Program Files\IAR Systems\Embedded Workbench
#        9.1\arm/config/linker/TexasInstruments/LM4F120H5QR.icf" --semihosting
#        --entry __iar_program_start --vfe --text_out locale --cpu=Cortex-M4
#        --fpu=None)
#
###############################################################################

*******************************************************************************
*** RUNTIME MODEL ATTRIBUTES
***

CppFlavor       = *
__CPP_Runtime   = 1
__SystemLibrary = DLib
__dlib_version  = 6


*******************************************************************************
*** HEAP SELECTION
***

The basic heap was selected because --advanced_heap
was not specified and the application did not appear to
be primarily optimized for speed.


*******************************************************************************
*** PLACEMENT SUMMARY
***

"A0":  place at address 0x0 { ro section .intvec };
"P1":  place in [from 0x0 to 0x3'ffff] { ro };
define block CSTACK with size = 2K, alignment = 8 { };
define block HEAP with size = 8K, alignment = 8 { };
"P2":  place in [from 0x2000'0000 to 0x2000'7fff] {
          rw, block CSTACK, block HEAP };
initialize by copy { rw };

  Section            Kind         Address   Size  Object
  -------            ----         -------   ----  ------
"A0":                                       0x40
  .intvec            const            0x0   0x40  startup_vector_table.o [1]
                                   - 0x40   0x40

"P1":                                      0xcbc
  .text              ro code         0x40  0x6a8  unicorn.o [1]
  .text              ro code        0x6e8  0x1b8  bsp.o [1]
  .text              ro code        0x8a0   0x3e  locks.o [1]
  .text              ro code        0x8de   0x2a  copy_init3.o [3]
  .text              ro code        0x908  0x1ec  usertasks.o [1]
  .text              ro code        0xaf4   0x90  startup_vector_table.o [1]
  .text              ro code        0xb84   0x38  zero_init3.o [3]
  Initializer bytes  const          0xbbc   0x34  <for P2-1>
  .rodata            const          0xbf0   0x30  unicorn.o [1]
  .text              ro code        0xc20   0x28  data_init.o [3]
  .iar.init_table    const          0xc48   0x24  - Linker created -
  .text              ro code        0xc6c   0x1e  cmain.o [3]
  .text              ro code        0xc8a    0x4  low_level_init.o [2]
  .text              ro code        0xc90   0x18  main.o [1]
  .text              ro code        0xca8    0x4  exit.o [2]
  .text              ro code        0xcac    0xa  cexit.o [3]
  .text              ro code        0xcb8   0x14  exit.o [4]
  .text              ro code        0xccc   0x1c  cstartup_M.o [3]
  .rodata            const          0xce8   0x10  usertasks.o [1]
  .rodata            const          0xcf8    0x4  usertasks.o [1]
  .rodata            const          0xcfc    0x0  zero_init3.o [3]
  .rodata            const          0xcfc    0x0  copy_init3.o [3]
                                  - 0xcfc  0xcbc

"P2", part 1 of 3:                          0x34
  P2-1                        0x2000'0000   0x34  <Init block>
    .data            inited   0x2000'0000    0x4  startup_vector_table.o [1]
    .data            inited   0x2000'0004   0x30  usertasks.o [1]
                            - 0x2000'0034   0x34

"P2", part 2 of 3:                         0xaf8
  .bss               zero     0x2000'0034  0x990  unicorn.o [1]
  .bss               zero     0x2000'09c4   0x60  unicorn.o [1]
  .bss               zero     0x2000'0a24   0x40  unicorn.o [1]
  .bss               zero     0x2000'0a64   0x24  unicorn.o [1]
  .bss               zero     0x2000'0a88   0x24  unicorn.o [1]
  .bss               zero     0x2000'0aac   0x24  unicorn.o [1]
  .bss               zero     0x2000'0ad0   0x24  unicorn.o [1]
  .bss               zero     0x2000'0af4    0x4  unicorn.o [1]
  .bss               zero     0x2000'0af8    0x4  unicorn.o [1]
  .bss               zero     0x2000'0afc    0x4  unicorn.o [1]
  .bss               zero     0x2000'0b00    0x4  unicorn.o [1]
  .bss               zero     0x2000'0b04    0x4  unicorn.o [1]
  .bss               zero     0x2000'0b08    0x4  unicorn.o [1]
  .bss               zero     0x2000'0b0c    0x4  unicorn.o [1]
  .bss               zero     0x2000'0b10    0x4  unicorn.o [1]
  .bss               zero     0x2000'0b14    0x4  unicorn.o [1]
  .bss               zero     0x2000'0b18    0x4  unicorn.o [1]
  .bss               zero     0x2000'0b1c    0x4  unicorn.o [1]
  .bss               zero     0x2000'0b20    0x4  unicorn.o [1]
  .bss               zero     0x2000'0b24    0x4  unicorn.o [1]
  .bss               zero     0x2000'0b28    0x1  unicorn.o [1]
                            - 0x2000'0b29  0xaf5

"P2", part 3 of 3:                         0x800
  CSTACK                      0x2000'0b30  0x800  <Block>
    CSTACK           uninit   0x2000'0b30  0x800  <Block tail>
                            - 0x2000'1330  0x800

Unused ranges:

         From           To      Size
         ----           --      ----
        0xcfc     0x3'ffff  0x3'f304
  0x2000'0b2c  0x2000'0b2f       0x4
  0x2000'1330  0x2000'7fff    0x6cd0


*******************************************************************************
*** INIT TABLE
***

          Address      Size
          -------      ----
Zero (__iar_zero_init3)
    1 destination range, total size 0xaf5:
          0x2000'0034  0xaf5

Copy (__iar_copy_init3)
    1 source range, total size 0x34:
                0xbbc   0x34
    1 destination range, total size 0x34:
          0x2000'0000   0x34



*******************************************************************************
*** MODULE SUMMARY
***

    Module                  ro code  ro data  rw data
    ------                  -------  -------  -------
command line/config:
    -------------------------------------------------
    Total:

C:\Users\atoyn\Downloads\unicornRTOS\Debug\Obj: [1]
    bsp.o                       440
    locks.o                      62
    main.o                       24
    startup_vector_table.o      144       68        4
    unicorn.o                 1'704       48    2'805
    usertasks.o                 492       68       48
    -------------------------------------------------
    Total:                    2'866      184    2'857

dl7M_tln.a: [2]
    exit.o                        4
    low_level_init.o              4
    -------------------------------------------------
    Total:                        8

rt7M_tl.a: [3]
    cexit.o                      10
    cmain.o                      30
    copy_init3.o                 42
    cstartup_M.o                 28
    data_init.o                  40
    zero_init3.o                 56
    -------------------------------------------------
    Total:                      206

shb_l.a: [4]
    exit.o                       20
    -------------------------------------------------
    Total:                       20

    Gaps                          4
    Linker created                        36    2'048
-----------------------------------------------------
    Grand Total:              3'104      220    4'905


*******************************************************************************
*** ENTRY LIST
***

Entry                       Address   Size  Type      Object
-----                       -------   ----  ----      ------
.iar.init_table$$Base         0xc48          --   Gb  - Linker created -
.iar.init_table$$Limit        0xc6c          --   Gb  - Linker created -
?main                         0xc6d         Code  Gb  cmain.o [3]
BSP_init                      0x70d   0xa4  Code  Gb  bsp.o [1]
BSP_setGPIO                   0x815   0x1c  Code  Gb  bsp.o [1]
CSTACK$$Base            0x2000'0b30          --   Gb  - Linker created -
CSTACK$$Limit           0x2000'1330         Data  Gb  - Linker created -
PendSVPinAHBAddress     0x2000'0000    0x4  Data  Gb  startup_vector_table.o [1]
Q_onAssert                     0x5f    0x8  Code  Gb  unicorn.o [1]
Q_this_module_                0xbf0   0x30  Data  Lc  unicorn.o [1]
Region$$Table$$Base           0xc48          --   Gb  - Linker created -
Region$$Table$$Limit          0xc6c          --   Gb  - Linker created -
TASK_SLEEP_TIME               0xcf8    0x4  Data  Gb  usertasks.o [1]
UART5_SendByte                0x7b1   0x10  Code  Gb  bsp.o [1]
__NVIC_SetPriority            0x6e9   0x24  Code  Lc  bsp.o [1]
__NVIC_SystemReset            0xaf5   0x1a  Code  Lc  startup_vector_table.o [1]
__NVIC_SystemReset             0x41   0x1e  Code  Lc  unicorn.o [1]
__cmain                       0xc6d         Code  Gb  cmain.o [3]
__exit                        0xcb9   0x14  Code  Gb  exit.o [4]
__iar_copy_init3              0x8df   0x2a  Code  Gb  copy_init3.o [3]
__iar_data_init3              0xc21   0x28  Code  Gb  data_init.o [3]
__iar_program_start           0xccd         Code  Gb  cstartup_M.o [3]
__iar_zero_init3              0xb85   0x38  Code  Gb  zero_init3.o [3]
__low_level_init              0xc8b    0x4  Code  Gb  low_level_init.o [2]
__vector_table                  0x0   0x40  Data  Gb  startup_vector_table.o [1]
_call_main                    0xc79         Code  Gb  cmain.o [3]
_exit                         0xcad         Code  Gb  cexit.o [3]
acquireLock                   0x8ad   0x16  Code  Gb  locks.o [1]
addTaskToReadyTasks            0x69   0x48  Code  Gb  unicorn.o [1]
addTaskToSleepChannel         0x1d7   0x32  Code  Gb  unicorn.o [1]
addTaskToTickSleepHeap         0xf3   0x42  Code  Gb  unicorn.o [1]
aquireUnicornSemaphore        0x581   0x60  Code  Gb  unicorn.o [1]
blockSched              0x2000'0b24    0x4  Data  Gb  unicorn.o [1]
currentTask             0x2000'0b1c    0x4  Data  Gb  unicorn.o [1]
dormantCount            0x2000'0af4    0x4  Data  Gb  unicorn.o [1]
dormantStack            0x2000'0a64   0x24  Data  Gb  unicorn.o [1]
dormantStackLock        0x2000'0af8    0x4  Data  Gb  unicorn.o [1]
elapsed                 0x2000'0b0c    0x4  Data  Gb  unicorn.o [1]
exit                          0xca9    0x4  Code  Gb  exit.o [2]
exitTask                      0x649   0x32  Code  Gb  unicorn.o [1]
getNextReadyTask               0xb1   0x42  Code  Gb  unicorn.o [1]
getNextTaskSleepingOnChannel
                              0x19f   0x38  Code  Gb  unicorn.o [1]
handler_BusFault              0xb1b    0x2  Code  Gb  startup_vector_table.o [1]
handler_HardFault             0xb11    0x8  Code  Gb  startup_vector_table.o [1]
handler_MemoryManagementFault
                              0xb19    0x2  Code  Gb  startup_vector_table.o [1]
handler_NMI                   0xb0f    0x2  Code  Gb  startup_vector_table.o [1]
handler_PendSV                0xb21   0x44  Code  Gb  startup_vector_table.o [1]
handler_SVCall                0xb1f    0x2  Code  Gb  startup_vector_table.o [1]
handler_SysTick               0xb7d    0x8  Code  Gb  startup_vector_table.o [1]
handler_UsageFault            0xb1d    0x2  Code  Gb  startup_vector_table.o [1]
initLock                      0x8a1    0x6  Code  Gb  locks.o [1]
init_UART                     0x7c1   0x54  Code  Gb  bsp.o [1]
initializeScheduler           0x2b9   0xe2  Code  Gb  unicorn.o [1]
lockChannels            0x2000'09c4   0x60  Data  Gb  unicorn.o [1]
lockSleepLock           0x2000'0b18    0x4  Data  Gb  unicorn.o [1]
longPulse1Semaphore           0x913   0x24  Code  Gb  usertasks.o [1]
longPulse2Semaphore           0x937   0x24  Code  Gb  usertasks.o [1]
longPulse3Semaphore           0x95b   0x24  Code  Gb  usertasks.o [1]
main                          0xc91   0x18  Code  Gb  main.o [1]
nextTask                0x2000'0b20    0x4  Data  Gb  unicorn.o [1]
onIdle                         0x67    0x2  Code  Gb  unicorn.o [1]
popTaskFromTickSleepHeap
                              0x135   0x6a  Code  Gb  unicorn.o [1]
readyMask               0x2000'0afc    0x4  Data  Gb  unicorn.o [1]
readyNewTask                  0x39b   0xc8  Code  Gb  unicorn.o [1]
readyTasks              0x2000'0a24   0x40  Data  Gb  unicorn.o [1]
releaseLock                   0x8a7    0x6  Code  Gb  locks.o [1]
releaseUnicornSemaphore
                              0x5e1   0x68  Code  Gb  unicorn.o [1]
runningState            0x2000'0b28    0x1  Data  Gb  unicorn.o [1]
sched                         0x209   0xb0  Code  Gb  unicorn.o [1]
stagedReadyTasks        0x2000'0a88   0x24  Data  Gb  unicorn.o [1]
stagedReadyTasksCount   0x2000'0b00    0x4  Data  Gb  unicorn.o [1]
stagedReadyTasksLock    0x2000'0b04    0x4  Data  Gb  unicorn.o [1]
stagedTickSleepTasks    0x2000'0ad0   0x24  Data  Gb  unicorn.o [1]
stagedTickSleepTasksCount
                        0x2000'0b10    0x4  Data  Gb  unicorn.o [1]
stagedTickSleepTasksLock
                        0x2000'0b14    0x4  Data  Gb  unicorn.o [1]
startNewTask                  0x465   0x10  Code  Gb  unicorn.o [1]
sysTickRoutine                0x4ad   0xd2  Code  Gb  unicorn.o [1]
taskCounts                    0xce8   0x10  Data  Gb  usertasks.o [1]
taskSignal                    0x909    0xa  Code  Gb  usertasks.o [1]
task_sleepBlink1              0x97f   0x16  Code  Gb  usertasks.o [1]
task_sleepBlink10             0xa45   0x16  Code  Gb  usertasks.o [1]
task_sleepBlink11             0xa5b   0x16  Code  Gb  usertasks.o [1]
task_sleepBlink12             0xa71   0x16  Code  Gb  usertasks.o [1]
task_sleepBlink2              0x995   0x16  Code  Gb  usertasks.o [1]
task_sleepBlink3              0x9ab   0x16  Code  Gb  usertasks.o [1]
task_sleepBlink4              0x9c1   0x16  Code  Gb  usertasks.o [1]
task_sleepBlink5              0x9d7   0x16  Code  Gb  usertasks.o [1]
task_sleepBlink6              0x9ed   0x16  Code  Gb  usertasks.o [1]
task_sleepBlink7              0xa03   0x16  Code  Gb  usertasks.o [1]
task_sleepBlink8              0xa19   0x16  Code  Gb  usertasks.o [1]
task_sleepBlink9              0xa2f   0x16  Code  Gb  usertasks.o [1]
tasks                   0x2000'0034  0x990  Data  Gb  unicorn.o [1]
tickSleepCount          0x2000'0b08    0x4  Data  Gb  unicorn.o [1]
tickSleepHeap           0x2000'0aac   0x24  Data  Gb  unicorn.o [1]
timeoutSleep                  0x475   0x38  Code  Gb  unicorn.o [1]
tryAquireLock                 0x8c5   0x1a  Code  Gb  locks.o [1]
tsks                    0x2000'0004   0x30  Data  Gb  usertasks.o [1]
userTaskLoad                  0xa87   0x54  Code  Gb  usertasks.o [1]


[1] = C:\Users\atoyn\Downloads\unicornRTOS\Debug\Obj
[2] = dl7M_tln.a
[3] = rt7M_tl.a
[4] = shb_l.a

  3'104 bytes of readonly  code memory
    220 bytes of readonly  data memory
  4'905 bytes of readwrite data memory

Errors: none
Warnings: none
