###############################################################################
#
# IAR ELF Linker V9.32.1.338/W64 for ARM                  25/Feb/2023  06:51:43
# Copyright 2007-2022 IAR Systems AB.
#
#    Output file  =  C:\Users\atoyn\Downloads\unicornRTOS\Debug\Exe\project.out
#    Map file     =
#        C:\Users\atoyn\Downloads\unicornRTOS\Debug\List\project.map
#    Command line =
#        -f C:\Users\atoyn\Downloads\unicornRTOS\Debug\Exe\project.out.rsp
#        (C:\Users\atoyn\Downloads\unicornRTOS\Debug\Obj\board_io.o
#        C:\Users\atoyn\Downloads\unicornRTOS\Debug\Obj\bsp.o
#        C:\Users\atoyn\Downloads\unicornRTOS\Debug\Obj\locks.o
#        C:\Users\atoyn\Downloads\unicornRTOS\Debug\Obj\main.o
#        C:\Users\atoyn\Downloads\unicornRTOS\Debug\Obj\startup_vector_table.o
#        C:\Users\atoyn\Downloads\unicornRTOS\Debug\Obj\unicorn.o
#        C:\Users\atoyn\Downloads\unicornRTOS\Debug\Obj\usertasks.o
#        --no_out_extension -o
#        C:\Users\atoyn\Downloads\unicornRTOS\Debug\Exe\project.out --redirect
#        _Printf=_PrintfFullNoMb --redirect _Scanf=_ScanfFullNoMb --map
#        C:\Users\atoyn\Downloads\unicornRTOS\Debug\List\project.map --config
#        "C:\Program Files\IAR Systems\Embedded Workbench
#        9.1\arm/config/linker/TexasInstruments/TM4C123GH6.icf" --semihosting
#        --entry __iar_program_start --vfe --text_out locale --cpu=Cortex-M4
#        --fpu=VFPv4_sp)
#
###############################################################################

*******************************************************************************
*** RUNTIME MODEL ATTRIBUTES
***

CppFlavor       = *
__CPP_Runtime   = 1
__SystemLibrary = DLib
__dlib_version  = 6


*******************************************************************************
*** HEAP SELECTION
***

The basic heap was selected because --advanced_heap
was not specified and the application did not appear to
be primarily optimized for speed.


*******************************************************************************
*** PLACEMENT SUMMARY
***

"A0":  place at address 0x0 { ro section .intvec };
"P1":  place in [from 0x0 to 0x3'ffff] { ro };
define block CSTACK with size = 4K, alignment = 8 { };
define block HEAP with size = 8K, alignment = 8 { };
"P2":  place in [from 0x2000'0000 to 0x2000'7fff] {
          rw, block CSTACK, block HEAP };
initialize by copy { rw };

  Section            Kind         Address    Size  Object
  -------            ----         -------    ----  ------
"A0":                                        0x40
  .intvec            const            0x0    0x40  startup_vector_table.o [1]
                                   - 0x40    0x40

"P1":                                       0x9a9
  .text              ro code         0x40   0x2e0  usertasks.o [1]
  .text              ro code        0x320   0x118  bsp.o [1]
  .text              ro code        0x438   0x2b0  unicorn.o [1]
  .text              ro code        0x6e8    0x22  locks.o [1]
  .text              ro code        0x70a    0x7e  lz77_init_single.o [4]
  .text              ro code        0x788    0xac  startup_vector_table.o [1]
  .text              ro code        0x834    0x38  zero_init3.o [4]
  .rodata            const          0x86c    0x30  unicorn.o [1]
  .text              ro code        0x89c    0x28  data_init.o [4]
  .text              ro code        0x8c4    0x22  fpinit_M.o [3]
  .iar.init_table    const          0x8e8    0x20  - Linker created -
  .text              ro code        0x908    0x20  main.o [1]
  .text              ro code        0x928    0x1e  cmain.o [4]
  .text              ro code        0x946     0x4  low_level_init.o [2]
  .text              ro code        0x94a     0x4  exit.o [2]
  .text              ro code        0x950     0xa  cexit.o [4]
  .text              ro code        0x95c    0x14  exit.o [5]
  .text              ro code        0x970    0x1c  cstartup_M.o [4]
  .rodata            const          0x98c    0x14  usertasks.o [1]
  .rodata            const          0x9a0    0x14  usertasks.o [1]
  .rodata            const          0x9b4     0x0  zero_init3.o [4]
  .rodata            const          0x9b4     0x0  lz77_init_single.o [4]
  Initializer bytes  const          0x9b4    0x35  <for P2-1>
                                  - 0x9e9   0x9a9

"P2", part 1 of 3:                           0x7c
  P2-1                        0x2000'0000    0x7c  <Init block>
    .data            inited   0x2000'0000     0x4  startup_vector_table.o [1]
    .data            inited   0x2000'0004    0x50  usertasks.o [1]
    .data            inited   0x2000'0054    0x28  usertasks.o [1]
                            - 0x2000'007c    0x7c

"P2", part 2 of 3:                         0x11e0
  .bss               zero     0x2000'007c  0x11cc  unicorn.o [1]
  .bss               zero     0x2000'1248     0x4  unicorn.o [1]
  .bss               zero     0x2000'124c     0x4  unicorn.o [1]
  .bss               zero     0x2000'1250     0x4  unicorn.o [1]
  .bss               zero     0x2000'1254     0x4  unicorn.o [1]
  .bss               zero     0x2000'1258     0x4  unicorn.o [1]
                            - 0x2000'125c  0x11e0

"P2", part 3 of 3:                         0x1000
  CSTACK                      0x2000'1260  0x1000  <Block>
    CSTACK           uninit   0x2000'1260  0x1000  <Block tail>
                            - 0x2000'2260  0x1000

Unused ranges:

         From           To      Size
         ----           --      ----
        0x9e9     0x3'ffff  0x3'f617
  0x2000'125c  0x2000'125f       0x4
  0x2000'2260  0x2000'7fff    0x5da0


*******************************************************************************
*** INIT TABLE
***

          Address      Size
          -------      ----
Zero (__iar_zero_init3)
    1 destination range, total size 0x11e0:
          0x2000'007c  0x11e0

Copy/lz77 (__iar_lz77_init_single3)
    1 source range, total size 0x35 (42% of destination):
                0x9b4    0x35
    1 destination range, total size 0x7c:
          0x2000'0000    0x7c



*******************************************************************************
*** MODULE SUMMARY
***

    Module                  ro code  ro data  rw data
    ------                  -------  -------  -------
command line/config:
    -------------------------------------------------
    Total:

C:\Users\atoyn\Downloads\unicornRTOS\Debug\Obj: [1]
    bsp.o                       280
    locks.o                      34
    main.o                       32
    startup_vector_table.o      172       65        4
    unicorn.o                   688       48    4'576
    usertasks.o                 736       92      120
    -------------------------------------------------
    Total:                    1'942      205    4'700

dl7M_tln.a: [2]
    exit.o                        4
    low_level_init.o              4
    -------------------------------------------------
    Total:                        8

m7M_tls.a: [3]
    fpinit_M.o                   34
    -------------------------------------------------
    Total:                       34

rt7M_tl.a: [4]
    cexit.o                      10
    cmain.o                      30
    cstartup_M.o                 28
    data_init.o                  40
    lz77_init_single.o          126
    zero_init3.o                 56
    -------------------------------------------------
    Total:                      290

shb_l.a: [5]
    exit.o                       20
    -------------------------------------------------
    Total:                       20

    Gaps                          4        2
    Linker created                        32    4'096
-----------------------------------------------------
    Grand Total:              2'298      239    8'796


*******************************************************************************
*** ENTRY LIST
***

Entry                       Address    Size  Type      Object
-----                       -------    ----  ----      ------
.iar.init_table$$Base         0x8e8           --   Gb  - Linker created -
.iar.init_table$$Limit        0x908           --   Gb  - Linker created -
?main                         0x929          Code  Gb  cmain.o [4]
BSP_init                      0x345    0x98  Code  Gb  bsp.o [1]
BSP_setGPIO                   0x3dd    0x1c  Code  Gb  bsp.o [1]
CSTACK$$Base            0x2000'1260           --   Gb  - Linker created -
CSTACK$$Limit           0x2000'2260          Data  Gb  - Linker created -
FirstPinAHBAddress      0x2000'0000     0x4  Data  Gb  startup_vector_table.o [1]
Q_onAssert                    0x6e1     0x8  Code  Gb  unicorn.o [1]
Q_this_module_                0x86c    0x30  Data  Lc  unicorn.o [1]
Region$$Table$$Base           0x8e8           --   Gb  - Linker created -
Region$$Table$$Limit          0x908           --   Gb  - Linker created -
__NVIC_SetPriority            0x321    0x24  Code  Lc  bsp.o [1]
__NVIC_SystemReset            0x789    0x1a  Code  Lc  startup_vector_table.o [1]
__NVIC_SystemReset            0x439    0x1a  Code  Lc  unicorn.o [1]
__cmain                       0x929          Code  Gb  cmain.o [4]
__exit                        0x95d    0x14  Code  Gb  exit.o [5]
__iar_data_init3              0x89d    0x28  Code  Gb  data_init.o [4]
__iar_init_vfp                0x8c5          Code  Gb  fpinit_M.o [3]
__iar_lz77_init_single3
                              0x70b    0x7e  Code  Gb  lz77_init_single.o [4]
__iar_program_start           0x971          Code  Gb  cstartup_M.o [4]
__iar_zero_init3              0x835    0x38  Code  Gb  zero_init3.o [4]
__low_level_init              0x947     0x4  Code  Gb  low_level_init.o [2]
__vector_table                  0x0    0x40  Data  Gb  startup_vector_table.o [1]
_call_main                    0x935          Code  Gb  cmain.o [4]
_exit                         0x951          Code  Gb  cexit.o [4]
acquireLock                   0x6f5    0x16  Code  Gb  locks.o [1]
currentTask             0x2000'1248     0x4  Data  Gb  unicorn.o [1]
decrementTimeouts             0x555    0x64  Code  Gb  unicorn.o [1]
exit                          0x94b     0x4  Code  Gb  exit.o [2]
exitTask                      0x611    0x52  Code  Gb  unicorn.o [1]
handler_BusFault              0x7af     0x2  Code  Gb  startup_vector_table.o [1]
handler_HardFault             0x7a5     0x8  Code  Gb  startup_vector_table.o [1]
handler_MemoryManagementFault
                              0x7ad     0x2  Code  Gb  startup_vector_table.o [1]
handler_NMI                   0x7a3     0x2  Code  Gb  startup_vector_table.o [1]
handler_PendSV                0x7b5    0x40  Code  Gb  startup_vector_table.o [1]
handler_SVCall                0x7b3     0x2  Code  Gb  startup_vector_table.o [1]
handler_SysTick               0x7f5    0x26  Code  Gb  startup_vector_table.o [1]
handler_UsageFault            0x7b1     0x2  Code  Gb  startup_vector_table.o [1]
initLock                      0x6e9     0x6  Code  Gb  locks.o [1]
initializeFirstFrame          0x453    0x42  Code  Gb  unicorn.o [1]
initializeScheduler           0x497    0x2a  Code  Gb  unicorn.o [1]
main                          0x909    0x20  Code  Gb  main.o [1]
nextTask                0x2000'124c     0x4  Data  Gb  unicorn.o [1]
onIdle                        0x495     0x2  Code  Gb  unicorn.o [1]
readyNewTask                  0x4c1    0x94  Code  Gb  unicorn.o [1]
readyTasks              0x2000'1250     0x4  Data  Gb  unicorn.o [1]
releaseLock                   0x6ef     0x6  Code  Gb  locks.o [1]
sched                         0x663    0x4c  Code  Gb  unicorn.o [1]
sleep                         0x5b9    0x58  Code  Gb  unicorn.o [1]
sleepingTasks           0x2000'1254     0x4  Data  Gb  unicorn.o [1]
taskChangeLock          0x2000'1258     0x4  Data  Gb  unicorn.o [1]
taskCounts                    0x9a0    0x14  Data  Gb  usertasks.o [1]
taskSignal                     0x41    0x3e  Code  Gb  usertasks.o [1]
taskSignalPins                0x98c    0x14  Data  Gb  usertasks.o [1]
taskSignalTypes         0x2000'0004    0x50  Data  Gb  usertasks.o [1]
taskTable               0x2000'007c  0x11cc  Data  Gb  unicorn.o [1]
task_sleepBlink1               0x7f    0x32  Code  Gb  usertasks.o [1]
task_sleepBlink10             0x241    0x32  Code  Gb  usertasks.o [1]
task_sleepBlink2               0xb1    0x32  Code  Gb  usertasks.o [1]
task_sleepBlink3               0xe3    0x32  Code  Gb  usertasks.o [1]
task_sleepBlink4              0x115    0x32  Code  Gb  usertasks.o [1]
task_sleepBlink5              0x147    0x32  Code  Gb  usertasks.o [1]
task_sleepBlink6              0x179    0x32  Code  Gb  usertasks.o [1]
task_sleepBlink7              0x1ab    0x32  Code  Gb  usertasks.o [1]
task_sleepBlink8              0x1dd    0x32  Code  Gb  usertasks.o [1]
task_sleepBlink9              0x20f    0x32  Code  Gb  usertasks.o [1]
tasks                   0x2000'0054    0x28  Data  Gb  usertasks.o [1]
userTaskLoad                  0x273    0x8c  Code  Gb  usertasks.o [1]


[1] = C:\Users\atoyn\Downloads\unicornRTOS\Debug\Obj
[2] = dl7M_tln.a
[3] = m7M_tls.a
[4] = rt7M_tl.a
[5] = shb_l.a

  2'298 bytes of readonly  code memory
    239 bytes of readonly  data memory
  8'796 bytes of readwrite data memory

Errors: none
Warnings: none
