###############################################################################
#
# IAR ELF Linker V9.32.1.338/W64 for ARM                  07/Feb/2023  18:15:34
# Copyright 2007-2022 IAR Systems AB.
#
#    Output file  =
#        C:\Users\RJ\Desktop\programming\osu467\unicornRTOS\Debug\Exe\project.out
#    Map file     =
#        C:\Users\RJ\Desktop\programming\osu467\unicornRTOS\Debug\List\project.map
#    Command line =
#        -f
#        C:\Users\RJ\Desktop\programming\osu467\unicornRTOS\Debug\Exe\project.out.rsp
#        (C:\Users\RJ\Desktop\programming\osu467\unicornRTOS\Debug\Obj\board_io.o
#        C:\Users\RJ\Desktop\programming\osu467\unicornRTOS\Debug\Obj\main.o
#        C:\Users\RJ\Desktop\programming\osu467\unicornRTOS\Debug\Obj\startup_vector_table.o
#        C:\Users\RJ\Desktop\programming\osu467\unicornRTOS\Debug\Obj\ticks.o
#        C:\Users\RJ\Desktop\programming\osu467\unicornRTOS\Debug\Obj\unicorn.o
#        --no_out_extension -o
#        C:\Users\RJ\Desktop\programming\osu467\unicornRTOS\Debug\Exe\project.out
#        --redirect _Printf=_PrintfFullNoMb --redirect _Scanf=_ScanfFullNoMb
#        --map
#        C:\Users\RJ\Desktop\programming\osu467\unicornRTOS\Debug\List\project.map
#        --config "C:\Program Files\IAR Systems\Embedded Workbench
#        9.1\arm/config/linker/TexasInstruments/TM4C123GH6.icf" --semihosting
#        --entry __iar_program_start --vfe --text_out locale --cpu=Cortex-M4
#        --fpu=None)
#
###############################################################################

*******************************************************************************
*** RUNTIME MODEL ATTRIBUTES
***

CppFlavor       = *
__CPP_Runtime   = 1
__SystemLibrary = DLib
__dlib_version  = 6


*******************************************************************************
*** HEAP SELECTION
***

The basic heap was selected because --advanced_heap
was not specified and the application did not appear to
be primarily optimized for speed.


*******************************************************************************
*** PLACEMENT SUMMARY
***

"A0":  place at address 0x0 { ro section .intvec };
"P1":  place in [from 0x0 to 0x3'ffff] { ro };
define block CSTACK with size = 4K, alignment = 8 { };
define block HEAP with size = 8K, alignment = 8 { };
"P2":  place in [from 0x2000'0000 to 0x2000'7fff] {
          rw, block CSTACK, block HEAP };

  Section          Kind         Address    Size  Object
  -------          ----         -------    ----  ------
"A0":                                      0x40
  .intvec          const            0x0    0x40  startup_vector_table.o [1]
                                 - 0x40    0x40

"P1":                                     0x444
  .text            ro code         0x40   0x1cc  unicorn.o [1]
  .text            ro code        0x20c    0xf8  board_io.o [1]
  .text            ro code        0x304    0x68  startup_vector_table.o [1]
  .text            ro code        0x36c    0x18  ticks.o [1]
  .text            ro code        0x384    0x38  zero_init3.o [3]
  .text            ro code        0x3bc    0x28  main.o [1]
  .text            ro code        0x3e4    0x28  data_init.o [3]
  .iar.init_table  const          0x40c    0x10  - Linker created -
  .text            ro code        0x41c    0x1e  cmain.o [3]
  .text            ro code        0x43a     0x4  low_level_init.o [2]
  .text            ro code        0x43e     0x4  exit.o [2]
  .text            ro code        0x444     0xa  cexit.o [3]
  .text            ro code        0x450    0x14  exit.o [4]
  .text            ro code        0x464    0x1c  cstartup_M.o [3]
  .rodata          const          0x480     0x4  board_io.o [1]
  .rodata          const          0x484     0x0  zero_init3.o [3]
                                - 0x484   0x444

"P2", part 1 of 2:                        0x954
  .bss             zero     0x2000'0000   0x840  unicorn.o [1]
  .bss             zero     0x2000'0840   0x108  unicorn.o [1]
  .bss             zero     0x2000'0948     0x4  ticks.o [1]
  .bss             zero     0x2000'094c     0x4  unicorn.o [1]
  .bss             zero     0x2000'0950     0x4  unicorn.o [1]
                          - 0x2000'0954   0x954

"P2", part 2 of 2:                       0x1000
  CSTACK                    0x2000'0958  0x1000  <Block>
    CSTACK         uninit   0x2000'0958  0x1000  <Block tail>
                          - 0x2000'1958  0x1000

Unused ranges:

         From           To      Size
         ----           --      ----
        0x484     0x3'ffff  0x3'fb7c
  0x2000'0954  0x2000'0957       0x4
  0x2000'1958  0x2000'7fff    0x66a8


*******************************************************************************
*** INIT TABLE
***

          Address      Size
          -------      ----
Zero (__iar_zero_init3)
    1 destination range, total size 0x954:
          0x2000'0000  0x954



*******************************************************************************
*** MODULE SUMMARY
***

    Module                  ro code  ro data  rw data
    ------                  -------  -------  -------
command line/config:
    -------------------------------------------------
    Total:

C:\Users\RJ\Desktop\programming\osu467\unicornRTOS\Debug\Obj: [1]
    board_io.o                  248        4
    main.o                       40
    startup_vector_table.o      104       64
    ticks.o                      24                 4
    unicorn.o                   460             2'384
    -------------------------------------------------
    Total:                      876       68    2'388

dl7M_tln.a: [2]
    exit.o                        4
    low_level_init.o              4
    -------------------------------------------------
    Total:                        8

rt7M_tl.a: [3]
    cexit.o                      10
    cmain.o                      30
    cstartup_M.o                 28
    data_init.o                  40
    zero_init3.o                 56
    -------------------------------------------------
    Total:                      164

shb_l.a: [4]
    exit.o                       20
    -------------------------------------------------
    Total:                       20

    Gaps                          4
    Linker created                        16    4'096
-----------------------------------------------------
    Grand Total:              1'072       84    6'484


*******************************************************************************
*** ENTRY LIST
***

Entry                       Address   Size  Type      Object
-----                       -------   ----  ----      ------
.iar.init_table$$Base         0x40c          --   Gb  - Linker created -
.iar.init_table$$Limit        0x41c          --   Gb  - Linker created -
?main                         0x41d         Code  Gb  cmain.o [3]
BLINKY_MAX                    0x480    0x4  Data  Gb  board_io.o [1]
CSTACK$$Base            0x2000'0958          --   Gb  - Linker created -
CSTACK$$Limit           0x2000'1958         Data  Gb  - Linker created -
Region$$Table$$Base           0x40c          --   Gb  - Linker created -
Region$$Table$$Limit          0x41c          --   Gb  - Linker created -
__cmain                       0x41d         Code  Gb  cmain.o [3]
__exit                        0x451   0x14  Code  Gb  exit.o [4]
__iar_data_init3              0x3e5   0x28  Code  Gb  data_init.o [3]
__iar_program_start           0x465         Code  Gb  cstartup_M.o [3]
__iar_zero_init3              0x385   0x38  Code  Gb  zero_init3.o [3]
__low_level_init              0x43b    0x4  Code  Gb  low_level_init.o [2]
__vector_table                  0x0   0x40  Data  Gb  startup_vector_table.o [1]
_call_main                    0x429         Code  Gb  cmain.o [3]
_exit                         0x445         Code  Gb  cexit.o [3]
blinkBlue                     0x299   0x3c  Code  Gb  board_io.o [1]
blinkRed                      0x25b   0x3e  Code  Gb  board_io.o [1]
boardStartup                  0x20d   0x4e  Code  Gb  board_io.o [1]
currentTask             0x2000'094c    0x4  Data  Gb  unicorn.o [1]
exit                          0x43f    0x4  Code  Gb  exit.o [2]
handler_BusFault              0x30b    0x2  Code  Gb  startup_vector_table.o [1]
handler_HardFault             0x307    0x2  Code  Gb  startup_vector_table.o [1]
handler_MemoryManagementFault
                              0x309    0x2  Code  Gb  startup_vector_table.o [1]
handler_NMI                   0x305    0x2  Code  Gb  startup_vector_table.o [1]
handler_PendSV                0x311   0x32  Code  Gb  startup_vector_table.o [1]
handler_SVCall                0x30f    0x2  Code  Gb  startup_vector_table.o [1]
handler_SysTick               0x345   0x1a  Code  Gb  startup_vector_table.o [1]
handler_UsageFault            0x30d    0x2  Code  Gb  startup_vector_table.o [1]
idleTask                0x2000'0840  0x108  Data  Gb  unicorn.o [1]
incrementTicks                0x375    0xa  Code  Gb  ticks.o [1]
initializeFirstFrame           0x41   0x42  Code  Gb  unicorn.o [1]
initializeScheduler            0xa7   0x34  Code  Gb  unicorn.o [1]
initializeTask                 0x83   0x22  Code  Gb  unicorn.o [1]
main                          0x3bd   0x28  Code  Gb  main.o [1]
nextTask                0x2000'0950    0x4  Data  Gb  unicorn.o [1]
pointlessWork                  0xa5    0x2  Code  Gb  unicorn.o [1]
readyNewTask                   0xdb   0x40  Code  Gb  unicorn.o [1]
resetTicks                    0x36d    0x8  Code  Gb  ticks.o [1]
sched                         0x11b   0xde  Code  Gb  unicorn.o [1]
taskTable               0x2000'0000  0x840  Data  Gb  unicorn.o [1]
ticksElapsed            0x2000'0948    0x4  Data  Lc  ticks.o [1]


[1] = C:\Users\RJ\Desktop\programming\osu467\unicornRTOS\Debug\Obj
[2] = dl7M_tln.a
[3] = rt7M_tl.a
[4] = shb_l.a

  1'072 bytes of readonly  code memory
     84 bytes of readonly  data memory
  6'484 bytes of readwrite data memory

Errors: none
Warnings: none
