###############################################################################
#
# IAR ELF Linker V9.32.1.338/W64 for ARM                  20/Feb/2023  20:56:43
# Copyright 2007-2022 IAR Systems AB.
#
#    Output file  =  C:\Users\atoyn\Downloads\unicornRTOS\Debug\Exe\project.out
#    Map file     =
#        C:\Users\atoyn\Downloads\unicornRTOS\Debug\List\project.map
#    Command line =
#        -f C:\Users\atoyn\Downloads\unicornRTOS\Debug\Exe\project.out.rsp
#        (C:\Users\atoyn\Downloads\unicornRTOS\Debug\Obj\board_io.o
#        C:\Users\atoyn\Downloads\unicornRTOS\Debug\Obj\locks.o
#        C:\Users\atoyn\Downloads\unicornRTOS\Debug\Obj\main.o
#        C:\Users\atoyn\Downloads\unicornRTOS\Debug\Obj\startup_vector_table.o
#        C:\Users\atoyn\Downloads\unicornRTOS\Debug\Obj\unicorn.o
#        C:\Users\atoyn\Downloads\unicornRTOS\Debug\Obj\usertasks.o
#        --no_out_extension -o
#        C:\Users\atoyn\Downloads\unicornRTOS\Debug\Exe\project.out --redirect
#        _Printf=_PrintfFullNoMb --redirect _Scanf=_ScanfFullNoMb --map
#        C:\Users\atoyn\Downloads\unicornRTOS\Debug\List\project.map --config
#        "C:\Program Files\IAR Systems\Embedded Workbench
#        9.1\arm/config/linker/TexasInstruments/LM4F120H5QR.icf" --semihosting
#        --entry __iar_program_start --vfe --text_out locale --cpu=Cortex-M4
#        --fpu=None)
#
###############################################################################

*******************************************************************************
*** RUNTIME MODEL ATTRIBUTES
***

CppFlavor       = *
__CPP_Runtime   = 1
__SystemLibrary = DLib
__dlib_version  = 6


*******************************************************************************
*** HEAP SELECTION
***

The basic heap was selected because --advanced_heap
was not specified and the application did not appear to
be primarily optimized for speed.


*******************************************************************************
*** PLACEMENT SUMMARY
***

"A0":  place at address 0x0 { ro section .intvec };
"P1":  place in [from 0x0 to 0x3'ffff] { ro };
define block CSTACK with size = 2K, alignment = 8 { };
define block HEAP with size = 8K, alignment = 8 { };
"P2":  place in [from 0x2000'0000 to 0x2000'7fff] {
          rw, block CSTACK, block HEAP };

  Section          Kind         Address   Size  Object
  -------          ----         -------   ----  ------
"A0":                                     0x40
  .intvec          const            0x0   0x40  startup_vector_table.o [1]
                                 - 0x40   0x40

"P1":                                    0x758
  .text            ro code         0x40  0x490  unicorn.o [1]
  .text            ro code        0x4d0   0x3e  locks.o [1]
  .text            ro code        0x510   0xd0  board_io.o [1]
  .text            ro code        0x5e0   0x54  usertasks.o [1]
  .text            ro code        0x634   0x44  startup_vector_table.o [1]
  .text            ro code        0x678   0x38  zero_init3.o [3]
  .rodata          const          0x6b0   0x30  unicorn.o [1]
  .text            ro code        0x6e0   0x28  data_init.o [3]
  .iar.init_table  const          0x708   0x10  - Linker created -
  .text            ro code        0x718   0x1e  cmain.o [3]
  .text            ro code        0x736    0x4  low_level_init.o [2]
  .text            ro code        0x73c   0x1c  main.o [1]
  .text            ro code        0x758    0x4  exit.o [2]
  .text            ro code        0x75c    0xa  cexit.o [3]
  .text            ro code        0x768   0x14  exit.o [4]
  .text            ro code        0x77c   0x1c  cstartup_M.o [3]
  .rodata          const          0x798    0x0  zero_init3.o [3]
                                - 0x798  0x758

"P2", part 1 of 2:                       0xa68
  .bss             zero     0x2000'0000  0x9b4  unicorn.o [1]
  .bss             zero     0x2000'09b4   0x40  unicorn.o [1]
  .bss             zero     0x2000'09f4   0x24  unicorn.o [1]
  .bss             zero     0x2000'0a18   0x24  unicorn.o [1]
  .bss             zero     0x2000'0a3c    0x4  unicorn.o [1]
  .bss             zero     0x2000'0a40    0x4  unicorn.o [1]
  .bss             zero     0x2000'0a44    0x4  unicorn.o [1]
  .bss             zero     0x2000'0a48    0x4  unicorn.o [1]
  .bss             zero     0x2000'0a4c    0x4  unicorn.o [1]
  .bss             zero     0x2000'0a50    0x4  unicorn.o [1]
  .bss             zero     0x2000'0a54    0x4  unicorn.o [1]
  .bss             zero     0x2000'0a58    0x4  unicorn.o [1]
  .bss             zero     0x2000'0a5c    0x4  unicorn.o [1]
  .bss             zero     0x2000'0a60    0x4  unicorn.o [1]
  .bss             zero     0x2000'0a64    0x4  unicorn.o [1]
                          - 0x2000'0a68  0xa68

"P2", part 2 of 2:                       0x800
  CSTACK                    0x2000'0a68  0x800  <Block>
    CSTACK         uninit   0x2000'0a68  0x800  <Block tail>
                          - 0x2000'1268  0x800

Unused ranges:

         From           To      Size
         ----           --      ----
        0x798     0x3'ffff  0x3'f868
  0x2000'1268  0x2000'7fff    0x6d98


*******************************************************************************
*** INIT TABLE
***

          Address      Size
          -------      ----
Zero (__iar_zero_init3)
    1 destination range, total size 0xa68:
          0x2000'0000  0xa68



*******************************************************************************
*** MODULE SUMMARY
***

    Module                  ro code  ro data  rw data
    ------                  -------  -------  -------
command line/config:
    -------------------------------------------------
    Total:

C:\Users\atoyn\Downloads\unicornRTOS\Debug\Obj: [1]
    board_io.o                  208
    locks.o                      62
    main.o                       28
    startup_vector_table.o       68       64
    unicorn.o                 1'168       48    2'664
    usertasks.o                  84
    -------------------------------------------------
    Total:                    1'618      112    2'664

dl7M_tln.a: [2]
    exit.o                        4
    low_level_init.o              4
    -------------------------------------------------
    Total:                        8

rt7M_tl.a: [3]
    cexit.o                      10
    cmain.o                      30
    cstartup_M.o                 28
    data_init.o                  40
    zero_init3.o                 56
    -------------------------------------------------
    Total:                      164

shb_l.a: [4]
    exit.o                       20
    -------------------------------------------------
    Total:                       20

    Gaps                          6
    Linker created                        16    2'048
-----------------------------------------------------
    Grand Total:              1'816      128    4'712


*******************************************************************************
*** ENTRY LIST
***

Entry                       Address   Size  Type      Object
-----                       -------   ----  ----      ------
.iar.init_table$$Base         0x708          --   Gb  - Linker created -
.iar.init_table$$Limit        0x718          --   Gb  - Linker created -
?main                         0x719         Code  Gb  cmain.o [3]
CSTACK$$Base            0x2000'0a68          --   Gb  - Linker created -
CSTACK$$Limit           0x2000'1268         Data  Gb  - Linker created -
Q_onAssert                    0x4c9    0x8  Code  Gb  unicorn.o [1]
Q_this_module_                0x6b0   0x30  Data  Lc  unicorn.o [1]
Region$$Table$$Base           0x708          --   Gb  - Linker created -
Region$$Table$$Limit          0x718          --   Gb  - Linker created -
__NVIC_SetPriority            0x511   0x24  Code  Lc  board_io.o [1]
__NVIC_SystemReset             0x41   0x1e  Code  Lc  unicorn.o [1]
__cmain                       0x719         Code  Gb  cmain.o [3]
__exit                        0x769   0x14  Code  Gb  exit.o [4]
__iar_data_init3              0x6e1   0x28  Code  Gb  data_init.o [3]
__iar_program_start           0x77d         Code  Gb  cstartup_M.o [3]
__iar_zero_init3              0x679   0x38  Code  Gb  zero_init3.o [3]
__low_level_init              0x737    0x4  Code  Gb  low_level_init.o [2]
__vector_table                  0x0   0x40  Data  Gb  startup_vector_table.o [1]
_call_main                    0x725         Code  Gb  cmain.o [3]
_exit                         0x75d         Code  Gb  cexit.o [3]
acquireLock                   0x4dd   0x16  Code  Gb  locks.o [1]
addTaskToReadyTasks            0x5f   0x54  Code  Gb  unicorn.o [1]
addTaskToTickSleepHeap        0x1d1   0x3c  Code  Gb  unicorn.o [1]
blinky1                       0x5fd   0x1c  Code  Gb  usertasks.o [1]
blinky2                       0x619   0x1c  Code  Gb  usertasks.o [1]
boardStartup                  0x535   0x5c  Code  Gb  board_io.o [1]
currentTask             0x2000'0a5c    0x4  Data  Gb  unicorn.o [1]
currentTaskLoc          0x2000'0a64    0x4  Data  Gb  unicorn.o [1]
decrementTimeouts             0x31d   0x5c  Code  Gb  unicorn.o [1]
dormantCount            0x2000'0a3c    0x4  Data  Gb  unicorn.o [1]
dormantStack            0x2000'09f4   0x24  Data  Gb  unicorn.o [1]
dormantStackLock        0x2000'0a40    0x4  Data  Gb  unicorn.o [1]
elapsed                 0x2000'0a54    0x4  Data  Gb  unicorn.o [1]
exit                          0x759    0x4  Code  Gb  exit.o [2]
exitTask                      0x275   0x32  Code  Gb  unicorn.o [1]
getNextReadyTask               0xb3   0x4c  Code  Gb  unicorn.o [1]
handler_BusFault              0x63b    0x2  Code  Gb  startup_vector_table.o [1]
handler_HardFault             0x637    0x2  Code  Gb  startup_vector_table.o [1]
handler_MemoryManagementFault
                              0x639    0x2  Code  Gb  startup_vector_table.o [1]
handler_NMI                   0x635    0x2  Code  Gb  startup_vector_table.o [1]
handler_PendSV                0x641   0x26  Code  Gb  startup_vector_table.o [1]
handler_SVCall                0x63f    0x2  Code  Gb  startup_vector_table.o [1]
handler_SysTick               0x671    0x8  Code  Gb  startup_vector_table.o [1]
handler_UsageFault            0x63d    0x2  Code  Gb  startup_vector_table.o [1]
initLock                      0x4d1    0x6  Code  Gb  locks.o [1]
initializeScheduler           0x37b   0xa2  Code  Gb  unicorn.o [1]
ledBlueOff                    0x5a9    0x8  Code  Gb  board_io.o [1]
ledBlueOn                     0x5a1    0x8  Code  Gb  board_io.o [1]
ledRedOff                     0x599    0x8  Code  Gb  board_io.o [1]
ledRedOn                      0x591    0x8  Code  Gb  board_io.o [1]
main                          0x73d   0x1c  Code  Gb  main.o [1]
nextTask                0x2000'0a60    0x4  Data  Gb  unicorn.o [1]
onIdle                        0x379    0x2  Code  Gb  unicorn.o [1]
popTaskFromTickSleepHeap
                              0x20d   0x66  Code  Gb  unicorn.o [1]
readyCount              0x2000'0a44    0x4  Data  Gb  unicorn.o [1]
readyMask               0x2000'0a48    0x4  Data  Gb  unicorn.o [1]
readyNewTask                   0xff   0xc2  Code  Gb  unicorn.o [1]
readyTasks              0x2000'09b4   0x40  Data  Gb  unicorn.o [1]
readyTasksLock          0x2000'0a4c    0x4  Data  Gb  unicorn.o [1]
releaseLock                   0x4d7    0x6  Code  Gb  locks.o [1]
sched                         0x41d   0x5a  Code  Gb  unicorn.o [1]
startNewTask                  0x1c1   0x10  Code  Gb  unicorn.o [1]
tasks                   0x2000'0000  0x9b4  Data  Gb  unicorn.o [1]
tickSleepCount          0x2000'0a50    0x4  Data  Gb  unicorn.o [1]
tickSleepHeap           0x2000'0a18   0x24  Data  Gb  unicorn.o [1]
tickSleepLock           0x2000'0a58    0x4  Data  Gb  unicorn.o [1]
timeoutSleep                  0x2a9   0x74  Code  Gb  unicorn.o [1]
tryAquireLock                 0x4f5   0x1a  Code  Gb  locks.o [1]
userTaskLoad                  0x5e1   0x1c  Code  Gb  usertasks.o [1]


[1] = C:\Users\atoyn\Downloads\unicornRTOS\Debug\Obj
[2] = dl7M_tln.a
[3] = rt7M_tl.a
[4] = shb_l.a

  1'816 bytes of readonly  code memory
    128 bytes of readonly  data memory
  4'712 bytes of readwrite data memory

Errors: none
Warnings: none
