###############################################################################
#
# IAR ELF Linker V9.32.1.338/W64 for ARM                  05/Mar/2023  11:57:59
# Copyright 2007-2022 IAR Systems AB.
#
#    Output file  =  C:\Users\atoyn\Downloads\unicornRTOS\Debug\Exe\project.out
#    Map file     =
#        C:\Users\atoyn\Downloads\unicornRTOS\Debug\List\project.map
#    Command line =
#        -f C:\Users\atoyn\Downloads\unicornRTOS\Debug\Exe\project.out.rsp
#        (C:\Users\atoyn\Downloads\unicornRTOS\Debug\Obj\bsp.o
#        C:\Users\atoyn\Downloads\unicornRTOS\Debug\Obj\locks.o
#        C:\Users\atoyn\Downloads\unicornRTOS\Debug\Obj\main.o
#        C:\Users\atoyn\Downloads\unicornRTOS\Debug\Obj\startup_vector_table.o
#        C:\Users\atoyn\Downloads\unicornRTOS\Debug\Obj\unicorn.o
#        C:\Users\atoyn\Downloads\unicornRTOS\Debug\Obj\usertasks.o
#        --no_out_extension -o
#        C:\Users\atoyn\Downloads\unicornRTOS\Debug\Exe\project.out --redirect
#        _Printf=_PrintfFullNoMb --redirect _Scanf=_ScanfFullNoMb --map
#        C:\Users\atoyn\Downloads\unicornRTOS\Debug\List\project.map --config
#        "C:\Program Files\IAR Systems\Embedded Workbench
#        9.1\arm/config/linker/TexasInstruments/LM4F120H5QR.icf" --semihosting
#        --entry __iar_program_start --vfe --text_out locale --cpu=Cortex-M4
#        --fpu=None)
#
###############################################################################

*******************************************************************************
*** RUNTIME MODEL ATTRIBUTES
***

CppFlavor       = *
__CPP_Runtime   = 1
__SystemLibrary = DLib
__dlib_version  = 6


*******************************************************************************
*** HEAP SELECTION
***

The basic heap was selected because --advanced_heap
was not specified and the application did not appear to
be primarily optimized for speed.


*******************************************************************************
*** PLACEMENT SUMMARY
***

"A0":  place at address 0x0 { ro section .intvec };
"P1":  place in [from 0x0 to 0x3'ffff] { ro };
define block CSTACK with size = 2K, alignment = 8 { };
define block HEAP with size = 8K, alignment = 8 { };
"P2":  place in [from 0x2000'0000 to 0x2000'7fff] {
          rw, block CSTACK, block HEAP };
initialize by copy { rw };

  Section            Kind         Address   Size  Object
  -------            ----         -------   ----  ------
"A0":                                       0x40
  .intvec            const            0x0   0x40  startup_vector_table.o [1]
                                   - 0x40   0x40

"P1":                                      0xb1c
  .text              ro code         0x40  0x658  unicorn.o [1]
  .text              ro code        0x698  0x118  bsp.o [1]
  .text              ro code        0x7b0   0x3e  locks.o [1]
  .text              ro code        0x7ee   0x2a  copy_init3.o [3]
  .text              ro code        0x818  0x180  usertasks.o [1]
  .text              ro code        0x998   0x90  startup_vector_table.o [1]
  .text              ro code        0xa28   0x38  zero_init3.o [3]
  .rodata            const          0xa60   0x30  unicorn.o [1]
  .text              ro code        0xa90   0x28  data_init.o [3]
  .iar.init_table    const          0xab8   0x24  - Linker created -
  .text              ro code        0xadc   0x1e  cmain.o [3]
  .text              ro code        0xafa    0x4  low_level_init.o [2]
  .text              ro code        0xb00   0x18  main.o [1]
  .text              ro code        0xb18    0x4  exit.o [2]
  .text              ro code        0xb1c    0xa  cexit.o [3]
  .text              ro code        0xb28   0x14  exit.o [4]
  .text              ro code        0xb3c   0x1c  cstartup_M.o [3]
  Initializer bytes  const          0xb58    0x4  <for P2-1>
  .rodata            const          0xb5c    0x0  zero_init3.o [3]
  .rodata            const          0xb5c    0x0  copy_init3.o [3]
                                  - 0xb5c  0xb1c

"P2", part 1 of 3:                           0x4
  P2-1                        0x2000'0000    0x4  <Init block>
    .data            inited   0x2000'0000    0x4  startup_vector_table.o [1]
                            - 0x2000'0004    0x4

"P2", part 2 of 3:                         0xaf8
  .bss               zero     0x2000'0004  0x990  unicorn.o [1]
  .bss               zero     0x2000'0994   0x60  unicorn.o [1]
  .bss               zero     0x2000'09f4   0x40  unicorn.o [1]
  .bss               zero     0x2000'0a34   0x24  unicorn.o [1]
  .bss               zero     0x2000'0a58   0x24  unicorn.o [1]
  .bss               zero     0x2000'0a7c   0x24  unicorn.o [1]
  .bss               zero     0x2000'0aa0   0x24  unicorn.o [1]
  .bss               zero     0x2000'0ac4    0x4  unicorn.o [1]
  .bss               zero     0x2000'0ac8    0x4  unicorn.o [1]
  .bss               zero     0x2000'0acc    0x4  unicorn.o [1]
  .bss               zero     0x2000'0ad0    0x4  unicorn.o [1]
  .bss               zero     0x2000'0ad4    0x4  unicorn.o [1]
  .bss               zero     0x2000'0ad8    0x4  unicorn.o [1]
  .bss               zero     0x2000'0adc    0x4  unicorn.o [1]
  .bss               zero     0x2000'0ae0    0x4  unicorn.o [1]
  .bss               zero     0x2000'0ae4    0x4  unicorn.o [1]
  .bss               zero     0x2000'0ae8    0x4  unicorn.o [1]
  .bss               zero     0x2000'0aec    0x4  unicorn.o [1]
  .bss               zero     0x2000'0af0    0x4  unicorn.o [1]
  .bss               zero     0x2000'0af4    0x4  unicorn.o [1]
  .bss               zero     0x2000'0af8    0x1  unicorn.o [1]
                            - 0x2000'0af9  0xaf5

"P2", part 3 of 3:                         0x800
  CSTACK                      0x2000'0b00  0x800  <Block>
    CSTACK           uninit   0x2000'0b00  0x800  <Block tail>
                            - 0x2000'1300  0x800

Unused ranges:

         From           To      Size
         ----           --      ----
        0xb5c     0x3'ffff  0x3'f4a4
  0x2000'0afc  0x2000'0aff       0x4
  0x2000'1300  0x2000'7fff    0x6d00


*******************************************************************************
*** INIT TABLE
***

          Address      Size
          -------      ----
Zero (__iar_zero_init3)
    1 destination range, total size 0xaf5:
          0x2000'0004  0xaf5

Copy (__iar_copy_init3)
    1 source range, total size 0x4:
                0xb58    0x4
    1 destination range, total size 0x4:
          0x2000'0000    0x4



*******************************************************************************
*** MODULE SUMMARY
***

    Module                  ro code  ro data  rw data
    ------                  -------  -------  -------
command line/config:
    -------------------------------------------------
    Total:

C:\Users\atoyn\Downloads\unicornRTOS\Debug\Obj: [1]
    bsp.o                       280
    locks.o                      62
    main.o                       24
    startup_vector_table.o      144       68        4
    unicorn.o                 1'624       48    2'805
    usertasks.o                 384
    -------------------------------------------------
    Total:                    2'518      116    2'809

dl7M_tln.a: [2]
    exit.o                        4
    low_level_init.o              4
    -------------------------------------------------
    Total:                        8

rt7M_tl.a: [3]
    cexit.o                      10
    cmain.o                      30
    copy_init3.o                 42
    cstartup_M.o                 28
    data_init.o                  40
    zero_init3.o                 56
    -------------------------------------------------
    Total:                      206

shb_l.a: [4]
    exit.o                       20
    -------------------------------------------------
    Total:                       20

    Gaps                          4
    Linker created                        36    2'048
-----------------------------------------------------
    Grand Total:              2'756      152    4'857


*******************************************************************************
*** ENTRY LIST
***

Entry                       Address   Size  Type      Object
-----                       -------   ----  ----      ------
.iar.init_table$$Base         0xab8          --   Gb  - Linker created -
.iar.init_table$$Limit        0xadc          --   Gb  - Linker created -
?main                         0xadd         Code  Gb  cmain.o [3]
BSP_init                      0x6bd   0x98  Code  Gb  bsp.o [1]
BSP_setGPIO                   0x755   0x1c  Code  Gb  bsp.o [1]
CSTACK$$Base            0x2000'0b00          --   Gb  - Linker created -
CSTACK$$Limit           0x2000'1300         Data  Gb  - Linker created -
FirstPinAHBAddress      0x2000'0000    0x4  Data  Gb  startup_vector_table.o [1]
Q_onAssert                     0x5f    0x8  Code  Gb  unicorn.o [1]
Q_this_module_                0xa60   0x30  Data  Lc  unicorn.o [1]
Region$$Table$$Base           0xab8          --   Gb  - Linker created -
Region$$Table$$Limit          0xadc          --   Gb  - Linker created -
__NVIC_SetPriority            0x699   0x24  Code  Lc  bsp.o [1]
__NVIC_SystemReset            0x999   0x1a  Code  Lc  startup_vector_table.o [1]
__NVIC_SystemReset             0x41   0x1e  Code  Lc  unicorn.o [1]
__cmain                       0xadd         Code  Gb  cmain.o [3]
__exit                        0xb29   0x14  Code  Gb  exit.o [4]
__iar_copy_init3              0x7ef   0x2a  Code  Gb  copy_init3.o [3]
__iar_data_init3              0xa91   0x28  Code  Gb  data_init.o [3]
__iar_program_start           0xb3d         Code  Gb  cstartup_M.o [3]
__iar_zero_init3              0xa29   0x38  Code  Gb  zero_init3.o [3]
__low_level_init              0xafb    0x4  Code  Gb  low_level_init.o [2]
__vector_table                  0x0   0x40  Data  Gb  startup_vector_table.o [1]
_call_main                    0xae9         Code  Gb  cmain.o [3]
_exit                         0xb1d         Code  Gb  cexit.o [3]
acquireLock                   0x7bd   0x16  Code  Gb  locks.o [1]
addTaskToReadyTasks            0x69   0x48  Code  Gb  unicorn.o [1]
addTaskToSleepChannel         0x1d7   0x32  Code  Gb  unicorn.o [1]
addTaskToTickSleepHeap         0xf3   0x42  Code  Gb  unicorn.o [1]
aquireUnicornSemaphore        0x541   0x54  Code  Gb  unicorn.o [1]
blockSched              0x2000'0af4    0x4  Data  Gb  unicorn.o [1]
currentTask             0x2000'0aec    0x4  Data  Gb  unicorn.o [1]
dormantCount            0x2000'0ac4    0x4  Data  Gb  unicorn.o [1]
dormantStack            0x2000'0a34   0x24  Data  Gb  unicorn.o [1]
dormantStackLock        0x2000'0ac8    0x4  Data  Gb  unicorn.o [1]
elapsed                 0x2000'0adc    0x4  Data  Gb  unicorn.o [1]
exit                          0xb19    0x4  Code  Gb  exit.o [2]
exitTask                      0x5f5   0x32  Code  Gb  unicorn.o [1]
getNextReadyTask               0xb1   0x42  Code  Gb  unicorn.o [1]
getNextTaskSleepingOnChannel
                              0x19f   0x38  Code  Gb  unicorn.o [1]
handler_BusFault              0x9bf    0x2  Code  Gb  startup_vector_table.o [1]
handler_HardFault             0x9b5    0x8  Code  Gb  startup_vector_table.o [1]
handler_MemoryManagementFault
                              0x9bd    0x2  Code  Gb  startup_vector_table.o [1]
handler_NMI                   0x9b3    0x2  Code  Gb  startup_vector_table.o [1]
handler_PendSV                0x9c5   0x44  Code  Gb  startup_vector_table.o [1]
handler_SVCall                0x9c3    0x2  Code  Gb  startup_vector_table.o [1]
handler_SysTick               0xa21    0x8  Code  Gb  startup_vector_table.o [1]
handler_UsageFault            0x9c1    0x2  Code  Gb  startup_vector_table.o [1]
initLock                      0x7b1    0x6  Code  Gb  locks.o [1]
initializeScheduler           0x2b9   0xdc  Code  Gb  unicorn.o [1]
lockChannels            0x2000'0994   0x60  Data  Gb  unicorn.o [1]
lockSleepLock           0x2000'0ae8    0x4  Data  Gb  unicorn.o [1]
longPulseBlueSemaphore        0x885   0x76  Code  Gb  usertasks.o [1]
longPulseGreenSemaphore
                              0x8fb   0x6c  Code  Gb  usertasks.o [1]
longPulseRedSemaphore         0x819   0x6c  Code  Gb  usertasks.o [1]
main                          0xb01   0x18  Code  Gb  main.o [1]
nextTask                0x2000'0af0    0x4  Data  Gb  unicorn.o [1]
onIdle                         0x67    0x2  Code  Gb  unicorn.o [1]
popTaskFromTickSleepHeap
                              0x135   0x6a  Code  Gb  unicorn.o [1]
readyMask               0x2000'0acc    0x4  Data  Gb  unicorn.o [1]
readyNewTask                  0x395   0xc8  Code  Gb  unicorn.o [1]
readyTasks              0x2000'09f4   0x40  Data  Gb  unicorn.o [1]
releaseLock                   0x7b7    0x6  Code  Gb  locks.o [1]
releaseUnicornSemaphore
                              0x595   0x60  Code  Gb  unicorn.o [1]
runningState            0x2000'0af8    0x1  Data  Gb  unicorn.o [1]
sched                         0x209   0xb0  Code  Gb  unicorn.o [1]
stagedReadyTasks        0x2000'0a58   0x24  Data  Gb  unicorn.o [1]
stagedReadyTasksCount   0x2000'0ad0    0x4  Data  Gb  unicorn.o [1]
stagedReadyTasksLock    0x2000'0ad4    0x4  Data  Gb  unicorn.o [1]
stagedTickSleepTasks    0x2000'0aa0   0x24  Data  Gb  unicorn.o [1]
stagedTickSleepTasksCount
                        0x2000'0ae0    0x4  Data  Gb  unicorn.o [1]
stagedTickSleepTasksLock
                        0x2000'0ae4    0x4  Data  Gb  unicorn.o [1]
startNewTask                  0x45d   0x10  Code  Gb  unicorn.o [1]
sysTickRoutine                0x46d   0xd2  Code  Gb  unicorn.o [1]
tasks                   0x2000'0004  0x990  Data  Gb  unicorn.o [1]
tickSleepCount          0x2000'0ad8    0x4  Data  Gb  unicorn.o [1]
tickSleepHeap           0x2000'0a7c   0x24  Data  Gb  unicorn.o [1]
tryAquireLock                 0x7d5   0x1a  Code  Gb  locks.o [1]
userTaskLoad                  0x967   0x20  Code  Gb  usertasks.o [1]


[1] = C:\Users\atoyn\Downloads\unicornRTOS\Debug\Obj
[2] = dl7M_tln.a
[3] = rt7M_tl.a
[4] = shb_l.a

  2'756 bytes of readonly  code memory
    152 bytes of readonly  data memory
  4'857 bytes of readwrite data memory

Errors: none
Warnings: none
